../Core/Src/main.c:76:6:LCD_Init	8	static
../Core/Src/main.c:113:6:LCD_WriteString	24	static
../Core/Src/main.c:127:6:LCD_SendByte	24	static
../Core/Src/main.c:143:6:LCD_SecondLine	8	static
../Core/Src/main.c:149:6:LCD_Clear	8	static
../Core/Src/main.c:155:6:LCD_PulseEnable	8	static
../Core/Src/main.c:168:6:LCD_Send4Bits	16	static
../Core/Src/main.c:200:5:main	8	static
../Core/Src/main.c:265:6:SystemClock_Config	88	static
../Core/Src/main.c:312:13:MX_GPIO_Init	48	static
../Core/Src/main.c:368:6:Error_Handler	4	static,ignoring_inline_asm
