Archive member included to satisfy reference by file (symbol)

C:/ST/STM32CubeIDE_2.2.0/STM32CubeIDE/plugins/com.st.stm32cube.ide.mcu.externaltools.gnu-tools-for-stm32.14.3.rel1.win32_1.0.100.202602081740/tools/bin/../lib/gcc/arm-none-eabi/14.3.1/../../../../arm-none-eabi/lib/thumb/v7e-m+fp/hard\libc_nano.a(libc_a-exit.o)
                              C:/ST/STM32CubeIDE_2.2.0/STM32CubeIDE/plugins/com.st.stm32cube.ide.mcu.externaltools.gnu-tools-for-stm32.14.3.rel1.win32_1.0.100.202602081740/tools/bin/../lib/gcc/arm-none-eabi/14.3.1/../../../../arm-none-eabi/lib/thumb/v7e-m+fp/hard/crt0.o (exit)
C:/ST/STM32CubeIDE_2.2.0/STM32CubeIDE/plugins/com.st.stm32cube.ide.mcu.externaltools.gnu-tools-for-stm32.14.3.rel1.win32_1.0.100.202602081740/tools/bin/../lib/gcc/arm-none-eabi/14.3.1/../../../../arm-none-eabi/lib/thumb/v7e-m+fp/hard\libc_nano.a(libc_a-findfp.o)
                              C:/ST/STM32CubeIDE_2.2.0/STM32CubeIDE/plugins/com.st.stm32cube.ide.mcu.externaltools.gnu-tools-for-stm32.14.3.rel1.win32_1.0.100.202602081740/tools/bin/../lib/gcc/arm-none-eabi/14.3.1/../../../../arm-none-eabi/lib/thumb/v7e-m+fp/hard\libc_nano.a(libc_a-exit.o) (__stdio_exit_handler)
C:/ST/STM32CubeIDE_2.2.0/STM32CubeIDE/plugins/com.st.stm32cube.ide.mcu.externaltools.gnu-tools-for-stm32.14.3.rel1.win32_1.0.100.202602081740/tools/bin/../lib/gcc/arm-none-eabi/14.3.1/../../../../arm-none-eabi/lib/thumb/v7e-m+fp/hard\libc_nano.a(libc_a-fwalk.o)
                              C:/ST/STM32CubeIDE_2.2.0/STM32CubeIDE/plugins/com.st.stm32cube.ide.mcu.externaltools.gnu-tools-for-stm32.14.3.rel1.win32_1.0.100.202602081740/tools/bin/../lib/gcc/arm-none-eabi/14.3.1/../../../../arm-none-eabi/lib/thumb/v7e-m+fp/hard\libc_nano.a(libc_a-findfp.o) (_fwalk_sglue)
C:/ST/STM32CubeIDE_2.2.0/STM32CubeIDE/plugins/com.st.stm32cube.ide.mcu.externaltools.gnu-tools-for-stm32.14.3.rel1.win32_1.0.100.202602081740/tools/bin/../lib/gcc/arm-none-eabi/14.3.1/../../../../arm-none-eabi/lib/thumb/v7e-m+fp/hard\libc_nano.a(libc_a-stdio.o)
                              C:/ST/STM32CubeIDE_2.2.0/STM32CubeIDE/plugins/com.st.stm32cube.ide.mcu.externaltools.gnu-tools-for-stm32.14.3.rel1.win32_1.0.100.202602081740/tools/bin/../lib/gcc/arm-none-eabi/14.3.1/../../../../arm-none-eabi/lib/thumb/v7e-m+fp/hard\libc_nano.a(libc_a-findfp.o) (__sread)
C:/ST/STM32CubeIDE_2.2.0/STM32CubeIDE/plugins/com.st.stm32cube.ide.mcu.externaltools.gnu-tools-for-stm32.14.3.rel1.win32_1.0.100.202602081740/tools/bin/../lib/gcc/arm-none-eabi/14.3.1/../../../../arm-none-eabi/lib/thumb/v7e-m+fp/hard\libc_nano.a(libc_a-memset.o)
                              C:/ST/STM32CubeIDE_2.2.0/STM32CubeIDE/plugins/com.st.stm32cube.ide.mcu.externaltools.gnu-tools-for-stm32.14.3.rel1.win32_1.0.100.202602081740/tools/bin/../lib/gcc/arm-none-eabi/14.3.1/../../../../arm-none-eabi/lib/thumb/v7e-m+fp/hard/crt0.o (memset)
C:/ST/STM32CubeIDE_2.2.0/STM32CubeIDE/plugins/com.st.stm32cube.ide.mcu.externaltools.gnu-tools-for-stm32.14.3.rel1.win32_1.0.100.202602081740/tools/bin/../lib/gcc/arm-none-eabi/14.3.1/../../../../arm-none-eabi/lib/thumb/v7e-m+fp/hard\libc_nano.a(libc_a-closer.o)
                              C:/ST/STM32CubeIDE_2.2.0/STM32CubeIDE/plugins/com.st.stm32cube.ide.mcu.externaltools.gnu-tools-for-stm32.14.3.rel1.win32_1.0.100.202602081740/tools/bin/../lib/gcc/arm-none-eabi/14.3.1/../../../../arm-none-eabi/lib/thumb/v7e-m+fp/hard\libc_nano.a(libc_a-stdio.o) (_close_r)
C:/ST/STM32CubeIDE_2.2.0/STM32CubeIDE/plugins/com.st.stm32cube.ide.mcu.externaltools.gnu-tools-for-stm32.14.3.rel1.win32_1.0.100.202602081740/tools/bin/../lib/gcc/arm-none-eabi/14.3.1/../../../../arm-none-eabi/lib/thumb/v7e-m+fp/hard\libc_nano.a(libc_a-reent.o)
                              C:/ST/STM32CubeIDE_2.2.0/STM32CubeIDE/plugins/com.st.stm32cube.ide.mcu.externaltools.gnu-tools-for-stm32.14.3.rel1.win32_1.0.100.202602081740/tools/bin/../lib/gcc/arm-none-eabi/14.3.1/../../../../arm-none-eabi/lib/thumb/v7e-m+fp/hard\libc_nano.a(libc_a-closer.o) (errno)
C:/ST/STM32CubeIDE_2.2.0/STM32CubeIDE/plugins/com.st.stm32cube.ide.mcu.externaltools.gnu-tools-for-stm32.14.3.rel1.win32_1.0.100.202602081740/tools/bin/../lib/gcc/arm-none-eabi/14.3.1/../../../../arm-none-eabi/lib/thumb/v7e-m+fp/hard\libc_nano.a(libc_a-impure.o)
                              C:/ST/STM32CubeIDE_2.2.0/STM32CubeIDE/plugins/com.st.stm32cube.ide.mcu.externaltools.gnu-tools-for-stm32.14.3.rel1.win32_1.0.100.202602081740/tools/bin/../lib/gcc/arm-none-eabi/14.3.1/../../../../arm-none-eabi/lib/thumb/v7e-m+fp/hard\libc_nano.a(libc_a-reent.o) (_impure_ptr)
C:/ST/STM32CubeIDE_2.2.0/STM32CubeIDE/plugins/com.st.stm32cube.ide.mcu.externaltools.gnu-tools-for-stm32.14.3.rel1.win32_1.0.100.202602081740/tools/bin/../lib/gcc/arm-none-eabi/14.3.1/../../../../arm-none-eabi/lib/thumb/v7e-m+fp/hard\libc_nano.a(libc_a-lseekr.o)
[...]
Memory Configuration

Name             Origin             Length             Attributes
RAM              0x20000000         0x0001c000         xrw
FLASH            0x08000000         0x00080000         xr
*default*        0x00000000         0xffffffff

Linker script and memory map

LOAD C:/ST/STM32CubeIDE_2.2.0/STM32CubeIDE/plugins/com.st.stm32cube.ide.mcu.externaltools.gnu-tools-for-stm32.14.3.rel1.win32_1.0.100.202602081740/tools/bin/../lib/gcc/arm-none-eabi/14.3.1/thumb/v7e-m+fp/hard/crti.o
LOAD C:/ST/STM32CubeIDE_2.2.0/STM32CubeIDE/plugins/com.st.stm32cube.ide.mcu.externaltools.gnu-tools-for-stm32.14.3.rel1.win32_1.0.100.202602081740/tools/bin/../lib/gcc/arm-none-eabi/14.3.1/thumb/v7e-m+fp/hard/crtbegin.o
LOAD C:/ST/STM32CubeIDE_2.2.0/STM32CubeIDE/plugins/com.st.stm32cube.ide.mcu.externaltools.gnu-tools-for-stm32.14.3.rel1.win32_1.0.100.202602081740/tools/bin/../lib/gcc/arm-none-eabi/14.3.1/../../../../arm-none-eabi/lib/thumb/v7e-m+fp/hard/crt0.o
LOAD ./Core/Src/main.o
LOAD ./Core/Src/stm32g4xx_hal_msp.o
LOAD ./Core/Src/stm32g4xx_it.o
LOAD ./Core/Src/syscalls.o
LOAD ./Core/Src/sysmem.o
LOAD ./Core/Src/system_stm32g4xx.o
LOAD ./Core/Startup/startup_stm32g491retx.o
LOAD ./Drivers/BSP/STM32G4xx_Nucleo/stm32g4xx_nucleo.o
LOAD ./Drivers/STM32G4xx_HAL_Driver/Src/stm32g4xx_hal.o
LOAD ./Drivers/STM32G4xx_HAL_Driver/Src/stm32g4xx_hal_cortex.o
LOAD ./Drivers/STM32G4xx_HAL_Driver/Src/stm32g4xx_hal_dma.o
LOAD ./Drivers/STM32G4xx_HAL_Driver/Src/stm32g4xx_hal_dma_ex.o
LOAD ./Drivers/STM32G4xx_HAL_Driver/Src/stm32g4xx_hal_exti.o
LOAD ./Drivers/STM32G4xx_HAL_Driver/Src/stm32g4xx_hal_flash.o
LOAD ./Drivers/STM32G4xx_HAL_Driver/Src/stm32g4xx_hal_flash_ex.o
LOAD ./Drivers/STM32G4xx_HAL_Driver/Src/stm32g4xx_hal_flash_ramfunc.o
LOAD ./Drivers/STM32G4xx_HAL_Driver/Src/stm32g4xx_hal_gpio.o
LOAD ./Drivers/STM32G4xx_HAL_Driver/Src/stm32g4xx_hal_pwr.o
LOAD ./Drivers/STM32G4xx_HAL_Driver/Src/stm32g4xx_hal_pwr_ex.o
LOAD ./Drivers/STM32G4xx_HAL_Driver/Src/stm32g4xx_hal_rcc.o
LOAD ./Drivers/STM32G4xx_HAL_Driver/Src/stm32g4xx_hal_rcc_ex.o
LOAD ./Drivers/STM32G4xx_HAL_Driver/Src/stm32g4xx_hal_tim.o
LOAD ./Drivers/STM32G4xx_HAL_Driver/Src/stm32g4xx_hal_tim_ex.o
LOAD ./Drivers/STM32G4xx_HAL_Driver/Src/stm32g4xx_hal_uart.o
LOAD ./Drivers/STM32G4xx_HAL_Driver/Src/stm32g4xx_hal_uart_ex.o
LOAD ./Drivers/STM32G4xx_HAL_Driver/Src/stm32g4xx_hal_usart.o
LOAD ./Drivers/STM32G4xx_HAL_Driver/Src/stm32g4xx_hal_usart_ex.o
START GROUP
LOAD C:/ST/STM32CubeIDE_2.2.0/STM32CubeIDE/plugins/com.st.stm32cube.ide.mcu.externaltools.gnu-tools-for-stm32.14.3.rel1.win32_1.0.100.202602081740/tools/bin/../lib/gcc/arm-none-eabi/14.3.1/../../../../arm-none-eabi/lib/thumb/v7e-m+fp/hard\libc_nano.a
LOAD C:/ST/STM32CubeIDE_2.2.0/STM32CubeIDE/plugins/com.st.stm32cube.ide.mcu.externaltools.gnu-tools-for-stm32.14.3.rel1.win32_1.0.100.202602081740/tools/bin/../lib/gcc/arm-none-eabi/14.3.1/../../../../arm-none-eabi/lib/thumb/v7e-m+fp/hard\libm.a
END GROUP
START GROUP
LOAD C:/ST/STM32CubeIDE_2.2.0/STM32CubeIDE/plugins/com.st.stm32cube.ide.mcu.externaltools.gnu-tools-for-stm32.14.3.rel1.win32_1.0.100.202602081740/tools/bin/../lib/gcc/arm-none-eabi/14.3.1/thumb/v7e-m+fp/hard\libgcc.a
LOAD C:/ST/STM32CubeIDE_2.2.0/STM32CubeIDE/plugins/com.st.stm32cube.ide.mcu.externaltools.gnu-tools-for-stm32.14.3.rel1.win32_1.0.100.202602081740/tools/bin/../lib/gcc/arm-none-eabi/14.3.1/../../../../arm-none-eabi/lib/thumb/v7e-m+fp/hard\libc_nano.a
END GROUP
START GROUP
LOAD C:/ST/STM32CubeIDE_2.2.0/STM32CubeIDE/plugins/com.st.stm32cube.ide.mcu.externaltools.gnu-tools-for-stm32.14.3.rel1.win32_1.0.100.202602081740/tools/bin/../lib/gcc/arm-none-eabi/14.3.1/thumb/v7e-m+fp/hard\libgcc.a
LOAD C:/ST/STM32CubeIDE_2.2.0/STM32CubeIDE/plugins/com.st.stm32cube.ide.mcu.externaltools.gnu-tools-for-stm32.14.3.rel1.win32_1.0.100.202602081740/tools/bin/../lib/gcc/arm-none-eabi/14.3.1/../../../../arm-none-eabi/lib/thumb/v7e-m+fp/hard\libc_nano.a
LOAD C:/ST/STM32CubeIDE_2.2.0/STM32CubeIDE/plugins/com.st.stm32cube.ide.mcu.externaltools.gnu-tools-for-stm32.14.3.rel1.win32_1.0.100.202602081740/tools/bin/../lib/gcc/arm-none-eabi/14.3.1/../../../../arm-none-eabi/lib/thumb/v7e-m+fp/hard\libnosys.a
END GROUP
START GROUP
LOAD C:/ST/STM32CubeIDE_2.2.0/STM32CubeIDE/plugins/com.st.stm32cube.ide.mcu.externaltools.gnu-tools-for-stm32.14.3.rel1.win32_1.0.100.202602081740/tools/bin/../lib/gcc/arm-none-eabi/14.3.1/thumb/v7e-m+fp/hard\libgcc.a
LOAD C:/ST/STM32CubeIDE_2.2.0/STM32CubeIDE/plugins/com.st.stm32cube.ide.mcu.externaltools.gnu-tools-for-stm32.14.3.rel1.win32_1.0.100.202602081740/tools/bin/../lib/gcc/arm-none-eabi/14.3.1/../../../../arm-none-eabi/lib/thumb/v7e-m+fp/hard\libc_nano.a
LOAD C:/ST/STM32CubeIDE_2.2.0/STM32CubeIDE/plugins/com.st.stm32cube.ide.mcu.externaltools.gnu-tools-for-stm32.14.3.rel1.win32_1.0.100.202602081740/tools/bin/../lib/gcc/arm-none-eabi/14.3.1/../../../../arm-none-eabi/lib/thumb/v7e-m+fp/hard\libnosys.a
END GROUP
LOAD C:/ST/STM32CubeIDE_2.2.0/STM32CubeIDE/plugins/com.st.stm32cube.ide.mcu.externaltools.gnu-tools-for-stm32.14.3.rel1.win32_1.0.100.202602081740/tools/bin/../lib/gcc/arm-none-eabi/14.3.1/thumb/v7e-m+fp/hard/crtend.o
LOAD C:/ST/STM32CubeIDE_2.2.0/STM32CubeIDE/plugins/com.st.stm32cube.ide.mcu.externaltools.gnu-tools-for-stm32.14.3.rel1.win32_1.0.100.202602081740/tools/bin/../lib/gcc/arm-none-eabi/14.3.1/thumb/v7e-m+fp/hard/crtn.o
                0x2001c000                        _estack = (ORIGIN (RAM) + LENGTH (RAM))
                0x00000200                        _Min_Heap_Size = 0x200
                0x00000400                        _Min_Stack_Size = 0x400

.isr_vector     0x08000000      0x1d8
                0x08000000                        . = ALIGN (0x4)
 *(.isr_vector)
 .isr_vector    0x08000000      0x1d8 ./Core/Startup/startup_stm32g491retx.o
                0x08000000                g_pfnVectors
                0x080001d8                        . = ALIGN (0x4)

.text           0x080001d8     0x2798
                0x080001d8                        . = ALIGN (0x4)
 *(.text)
 .text          0x080001d8       0x40 C:/ST/STM32CubeIDE_2.2.0/STM32CubeIDE/plugins/com.st.stm32cube.ide.mcu.externaltools.gnu-tools-for-stm32.14.3.rel1.win32_1.0.100.202602081740/tools/bin/../lib/gcc/arm-none-eabi/14.3.1/thumb/v7e-m+fp/hard/crtbegin.o
 .text          0x08000218       0x30 C:/ST/STM32CubeIDE_2.2.0/STM32CubeIDE/plugins/com.st.stm32cube.ide.mcu.externaltools.gnu-tools-for-stm32.14.3.rel1.win32_1.0.100.202602081740/tools/bin/../lib/gcc/arm-none-eabi/14.3.1/thumb/v7e-m+fp/hard\libgcc.a(_aeabi_uldivmod.o)
                0x08000218                __aeabi_uldivmod
 .text          0x08000248      0x2f8 C:/ST/STM32CubeIDE_2.2.0/STM32CubeIDE/plugins/com.st.stm32cube.ide.mcu.externaltools.gnu-tools-for-stm32.14.3.rel1.win32_1.0.100.202602081740/tools/bin/../lib/gcc/arm-none-eabi/14.3.1/thumb/v7e-m+fp/hard\libgcc.a(_udivmoddi4.o)
                0x08000248                __udivmoddi4
 .text          0x08000540        0x4 C:/ST/STM32CubeIDE_2.2.0/STM32CubeIDE/plugins/com.st.stm32cube.ide.mcu.externaltools.gnu-tools-for-stm32.14.3.rel1.win32_1.0.100.202602081740/tools/bin/../lib/gcc/arm-none-eabi/14.3.1/thumb/v7e-m+fp/hard\libgcc.a(_dvmd_tls.o)
                0x08000540                __aeabi_idiv0
                0x08000540                __aeabi_ldiv0
 *(.text*)
 .text.main     0x08000544       0x60 ./Core/Src/main.o
                0x08000544                main
 .text.SystemClock_Config
                0x080005a4       0x96 ./Core/Src/main.o
                0x080005a4                SystemClock_Config
 *fill*         0x0800063a        0x2 
 .text.MX_GPIO_Init
                0x0800063c       0xa0 ./Core/Src/main.o
 .text.Error_Handler
                0x080006dc        0xc ./Core/Src/main.o
                0x080006dc                Error_Handler
 .text.HAL_MspInit
                0x080006e8       0x48 ./Core/Src/stm32g4xx_hal_msp.o
                0x080006e8                HAL_MspInit
 .text.NMI_Handler
                0x08000730        0x8 ./Core/Src/stm32g4xx_it.o
                0x08000730                NMI_Handler
 .text.HardFault_Handler
                0x08000738        0x8 ./Core/Src/stm32g4xx_it.o
                0x08000738                HardFault_Handler
 .text.MemManage_Handler
                0x08000740        0x8 ./Core/Src/stm32g4xx_it.o
                0x08000740                MemManage_Handler
 .text.BusFault_Handler
                0x08000748        0x8 ./Core/Src/stm32g4xx_it.o
                0x08000748                BusFault_Handler
 .text.UsageFault_Handler
                0x08000750        0x8 ./Core/Src/stm32g4xx_it.o
                0x08000750                UsageFault_Handler
 .text.SVC_Handler
                0x08000758        0xe ./Core/Src/stm32g4xx_it.o
                0x08000758                SVC_Handler
 .text.DebugMon_Handler
                0x08000766        0xe ./Core/Src/stm32g4xx_it.o
                0x08000766                DebugMon_Handler
 .text.PendSV_Handler
                0x08000774        0xe ./Core/Src/stm32g4xx_it.o
                0x08000774                PendSV_Handler
 .text.SysTick_Handler
                0x08000782        0xc ./Core/Src/stm32g4xx_it.o
                0x08000782                SysTick_Handler
 .text.EXTI15_10_IRQHandler
                0x0800078e        0xe ./Core/Src/stm32g4xx_it.o
                0x0800078e                EXTI15_10_IRQHandler
 .text.SystemInit
                0x0800079c       0x24 ./Core/Src/system_stm32g4xx.o
                0x0800079c                SystemInit
 .text.Reset_Handler
                0x080007c0       0x50 ./Core/Startup/startup_stm32g491retx.o
                0x080007c0                Reset_Handler
 .text.Default_Handler
                0x08000810        0x2 ./Core/Startup/startup_stm32g491retx.o
                0x08000810                RTC_Alarm_IRQHandler
                0x08000810                EXTI2_IRQHandler
                0x08000810                TIM8_TRG_COM_IRQHandler
                0x08000810                TIM8_CC_IRQHandler
                0x08000810                TIM1_CC_IRQHandler
                0x08000810                USB_HP_IRQHandler
                0x08000810                CORDIC_IRQHandler
                0x08000810                DMA2_Channel8_IRQHandler
                0x08000810                EXTI3_IRQHandler
                0x08000810                I2C3_ER_IRQHandler
                0x08000810                EXTI0_IRQHandler
                0x08000810                I2C2_EV_IRQHandler
                0x08000810                FPU_IRQHandler
                0x08000810                FDCAN1_IT1_IRQHandler
                0x08000810                TIM1_UP_TIM16_IRQHandler
                0x08000810                ADC1_2_IRQHandler
                0x08000810                SPI1_IRQHandler
                0x08000810                TIM6_DAC_IRQHandler
                0x08000810                TIM8_UP_IRQHandler
                0x08000810                DMA2_Channel2_IRQHandler
                0x08000810                DMA1_Channel4_IRQHandler
                0x08000810                TIM20_TRG_COM_IRQHandler
                0x08000810                USART3_IRQHandler
                0x08000810                DMA1_Channel7_IRQHandler
                0x08000810                UART5_IRQHandler
                0x08000810                ADC3_IRQHandler
                0x08000810                TIM4_IRQHandler
                0x08000810                DMA2_Channel1_IRQHandler
                0x08000810                QUADSPI_IRQHandler
                0x08000810                I2C1_EV_IRQHandler
                0x08000810                DMA1_Channel6_IRQHandler
                0x08000810                UART4_IRQHandler
                0x08000810                DMA2_Channel4_IRQHandler
                0x08000810                TIM3_IRQHandler
                0x08000810                RCC_IRQHandler
                0x08000810                TIM20_UP_IRQHandler
                0x08000810                DMA1_Channel1_IRQHandler
                0x08000810                Default_Handler
                0x08000810                DMA2_Channel7_IRQHandler
                0x08000810                RTC_TAMP_LSECSS_IRQHandler
                0x08000810                FMAC_IRQHandler
                0x08000810                DMA1_Channel8_IRQHandler
                0x08000810                TIM7_IRQHandler
                0x08000810                UCPD1_IRQHandler
                0x08000810                I2C3_EV_IRQHandler
                0x08000810                EXTI9_5_IRQHandler
                0x08000810                RTC_WKUP_IRQHandler
                0x08000810                PVD_PVM_IRQHandler
                0x08000810                SPI2_IRQHandler
                0x08000810                DMA2_Channel5_IRQHandler
                0x08000810                CRS_IRQHandler
                0x08000810                DMA1_Channel5_IRQHandler
                0x08000810                USB_LP_IRQHandler
                0x08000810                EXTI4_IRQHandler
                0x08000810                RNG_IRQHandler
                0x08000810                TIM1_TRG_COM_TIM17_IRQHandler
                0x08000810                FDCAN2_IT1_IRQHandler
                0x08000810                DMA1_Channel3_IRQHandler
                0x08000810                WWDG_IRQHandler
                0x08000810                FDCAN2_IT0_IRQHandler
                0x08000810                LPUART1_IRQHandler
                0x08000810                DMA2_Channel6_IRQHandler
                0x08000810                FDCAN1_IT0_IRQHandler
                0x08000810                TIM2_IRQHandler
                0x08000810                COMP1_2_3_IRQHandler
                0x08000810                EXTI1_IRQHandler
                0x08000810                USART2_IRQHandler
                0x08000810                TIM20_BRK_IRQHandler
                0x08000810                I2C2_ER_IRQHandler
                0x08000810                DMA1_Channel2_IRQHandler
                0x08000810                TIM8_BRK_IRQHandler
                0x08000810                FLASH_IRQHandler
                0x08000810                TIM20_CC_IRQHandler
                0x08000810                USART1_IRQHandler
                0x08000810                SPI3_IRQHandler
                0x08000810                I2C1_ER_IRQHandler
                0x08000810                LPTIM1_IRQHandler
                0x08000810                DMAMUX_OVR_IRQHandler
                0x08000810                USBWakeUp_IRQHandler
                0x08000810                SAI1_IRQHandler
                0x08000810                DMA2_Channel3_IRQHandler
                0x08000810                COMP4_IRQHandler
                0x08000810                TIM1_BRK_TIM15_IRQHandler
 *fill*         0x08000812        0x2 
 .text.BSP_LED_Init
                0x08000814       0x6c ./Drivers/BSP/STM32G4xx_Nucleo/stm32g4xx_nucleo.o
                0x08000814                BSP_LED_Init
 .text.BSP_PB_Init
                0x08000880       0xdc ./Drivers/BSP/STM32G4xx_Nucleo/stm32g4xx_nucleo.o
                0x08000880                BSP_PB_Init
 .text.BSP_PB_IRQHandler
                0x0800095c       0x24 ./Drivers/BSP/STM32G4xx_Nucleo/stm32g4xx_nucleo.o
                0x0800095c                BSP_PB_IRQHandler
 .text.BSP_PB_Callback
                0x08000980       0x16 ./Drivers/BSP/STM32G4xx_Nucleo/stm32g4xx_nucleo.o
                0x08000980                BSP_PB_Callback
 *fill*         0x08000996        0x2 
 .text.BSP_COM_Init
                0x08000998       0x60 ./Drivers/BSP/STM32G4xx_Nucleo/stm32g4xx_nucleo.o
                0x08000998                BSP_COM_Init
 .text.MX_LPUART1_Init
                0x080009f8       0x64 ./Drivers/BSP/STM32G4xx_Nucleo/stm32g4xx_nucleo.o
                0x080009f8                MX_LPUART1_Init
 .text.BUTTON_USER_EXTI_Callback
                0x08000a5c        0xe ./Drivers/BSP/STM32G4xx_Nucleo/stm32g4xx_nucleo.o
 *fill*         0x08000a6a        0x2 
 .text.COM1_MspInit
                0x08000a6c       0x98 ./Drivers/BSP/STM32G4xx_Nucleo/stm32g4xx_nucleo.o
 .text.HAL_Init
                0x08000b04       0x30 ./Drivers/STM32G4xx_HAL_Driver/Src/stm32g4xx_hal.o
                0x08000b04                HAL_Init
 .text.HAL_InitTick
                0x08000b34       0x74 ./Drivers/STM32G4xx_HAL_Driver/Src/stm32g4xx_hal.o
                0x08000b34                HAL_InitTick
 .text.HAL_IncTick
                0x08000ba8       0x24 ./Drivers/STM32G4xx_HAL_Driver/Src/stm32g4xx_hal.o
                0x08000ba8                HAL_IncTick
 .text.HAL_GetTick
                0x08000bcc       0x18 ./Drivers/STM32G4xx_HAL_Driver/Src/stm32g4xx_hal.o
                0x08000bcc                HAL_GetTick
 .text.HAL_Delay
                0x08000be4       0x44 ./Drivers/STM32G4xx_HAL_Driver/Src/stm32g4xx_hal.o
                0x08000be4                HAL_Delay
 .text.__NVIC_SetPriorityGrouping
                0x08000c28       0x48 ./Drivers/STM32G4xx_HAL_Driver/Src/stm32g4xx_hal_cortex.o
 .text.__NVIC_GetPriorityGrouping
                0x08000c70       0x1c ./Drivers/STM32G4xx_HAL_Driver/Src/stm32g4xx_hal_cortex.o
 .text.__NVIC_EnableIRQ
                0x08000c8c       0x3c ./Drivers/STM32G4xx_HAL_Driver/Src/stm32g4xx_hal_cortex.o
 .text.__NVIC_SetPriority
                0x08000cc8       0x54 ./Drivers/STM32G4xx_HAL_Driver/Src/stm32g4xx_hal_cortex.o
 .text.NVIC_EncodePriority
                0x08000d1c       0x66 ./Drivers/STM32G4xx_HAL_Driver/Src/stm32g4xx_hal_cortex.o
 *fill*         0x08000d82        0x2 
 .text.SysTick_Config
                0x08000d84       0x44 ./Drivers/STM32G4xx_HAL_Driver/Src/stm32g4xx_hal_cortex.o
 .text.HAL_NVIC_SetPriorityGrouping
                0x08000dc8       0x16 ./Drivers/STM32G4xx_HAL_Driver/Src/stm32g4xx_hal_cortex.o
                0x08000dc8                HAL_NVIC_SetPriorityGrouping
 .text.HAL_NVIC_SetPriority
                0x08000dde       0x34 ./Drivers/STM32G4xx_HAL_Driver/Src/stm32g4xx_hal_cortex.o
                0x08000dde                HAL_NVIC_SetPriority
 .text.HAL_NVIC_EnableIRQ
                0x08000e12       0x1c ./Drivers/STM32G4xx_HAL_Driver/Src/stm32g4xx_hal_cortex.o
                0x08000e12                HAL_NVIC_EnableIRQ
 .text.HAL_SYSTICK_Config
                0x08000e2e       0x18 ./Drivers/STM32G4xx_HAL_Driver/Src/stm32g4xx_hal_cortex.o
                0x08000e2e                HAL_SYSTICK_Config
 .text.HAL_EXTI_RegisterCallback
                0x08000e46       0x3a ./Drivers/STM32G4xx_HAL_Driver/Src/stm32g4xx_hal_exti.o
                0x08000e46                HAL_EXTI_RegisterCallback
 .text.HAL_EXTI_GetHandle
                0x08000e80       0x28 ./Drivers/STM32G4xx_HAL_Driver/Src/stm32g4xx_hal_exti.o
                0x08000e80                HAL_EXTI_GetHandle
 .text.HAL_EXTI_IRQHandler
                0x08000ea8       0x60 ./Drivers/STM32G4xx_HAL_Driver/Src/stm32g4xx_hal_exti.o
                0x08000ea8                HAL_EXTI_IRQHandler
 .text.HAL_GPIO_Init
                0x08000f08      0x318 ./Drivers/STM32G4xx_HAL_Driver/Src/stm32g4xx_hal_gpio.o
                0x08000f08                HAL_GPIO_Init
 .text.HAL_GPIO_WritePin
                0x08001220       0x30 ./Drivers/STM32G4xx_HAL_Driver/Src/stm32g4xx_hal_gpio.o
                0x08001220                HAL_GPIO_WritePin
 .text.HAL_PWREx_ControlVoltageScaling
                0x08001250      0x148 ./Drivers/STM32G4xx_HAL_Driver/Src/stm32g4xx_hal_pwr_ex.o
                0x08001250                HAL_PWREx_ControlVoltageScaling
 .text.HAL_PWREx_DisableUCPDDeadBattery
                0x08001398       0x20 ./Drivers/STM32G4xx_HAL_Driver/Src/stm32g4xx_hal_pwr_ex.o
                0x08001398                HAL_PWREx_DisableUCPDDeadBattery
 .text.HAL_RCC_OscConfig
                0x080013b8      0x624 ./Drivers/STM32G4xx_HAL_Driver/Src/stm32g4xx_hal_rcc.o
                0x080013b8                HAL_RCC_OscConfig
 .text.HAL_RCC_ClockConfig
                0x080019dc      0x278 ./Drivers/STM32G4xx_HAL_Driver/Src/stm32g4xx_hal_rcc.o
                0x080019dc                HAL_RCC_ClockConfig
 .text.HAL_RCC_GetSysClockFreq
                0x08001c54       0xc4 ./Drivers/STM32G4xx_HAL_Driver/Src/stm32g4xx_hal_rcc.o
                0x08001c54                HAL_RCC_GetSysClockFreq
 .text.HAL_RCC_GetHCLKFreq
                0x08001d18       0x18 ./Drivers/STM32G4xx_HAL_Driver/Src/stm32g4xx_hal_rcc.o
                0x08001d18                HAL_RCC_GetHCLKFreq
 .text.HAL_RCC_GetPCLK1Freq
                0x08001d30       0x2c ./Drivers/STM32G4xx_HAL_Driver/Src/stm32g4xx_hal_rcc.o
                0x08001d30                HAL_RCC_GetPCLK1Freq
 .text.HAL_RCC_GetPCLK2Freq
                0x08001d5c       0x2c ./Drivers/STM32G4xx_HAL_Driver/Src/stm32g4xx_hal_rcc.o
                0x08001d5c                HAL_RCC_GetPCLK2Freq
 .text.RCC_GetSysClockFreqFromPLLSource
                0x08001d88       0x8c ./Drivers/STM32G4xx_HAL_Driver/Src/stm32g4xx_hal_rcc.o
 .text.HAL_UART_Init
                0x08001e14       0xa0 ./Drivers/STM32G4xx_HAL_Driver/Src/stm32g4xx_hal_uart.o
                0x08001e14                HAL_UART_Init
 .text.HAL_UART_MspInit
                0x08001eb4       0x14 ./Drivers/STM32G4xx_HAL_Driver/Src/stm32g4xx_hal_uart.o
                0x08001eb4                HAL_UART_MspInit
 .text.UART_SetConfig
                0x08001ec8      0x5f8 ./Drivers/STM32G4xx_HAL_Driver/Src/stm32g4xx_hal_uart.o
                0x08001ec8                UART_SetConfig
 .text.UART_AdvFeatureConfig
                0x080024c0      0x144 ./Drivers/STM32G4xx_HAL_Driver/Src/stm32g4xx_hal_uart.o
                0x080024c0                UART_AdvFeatureConfig
 .text.UART_CheckIdleState
                0x08002604      0x154 ./Drivers/STM32G4xx_HAL_Driver/Src/stm32g4xx_hal_uart.o
                0x08002604                UART_CheckIdleState
 .text.UART_WaitOnFlagUntilTimeout
                0x08002758       0xda ./Drivers/STM32G4xx_HAL_Driver/Src/stm32g4xx_hal_uart.o
                0x08002758                UART_WaitOnFlagUntilTimeout
 .text.UART_EndRxTransfer
                0x08002832       0xcc ./Drivers/STM32G4xx_HAL_Driver/Src/stm32g4xx_hal_uart.o
 .text.memset   0x080028fe       0x10 C:/ST/STM32CubeIDE_2.2.0/STM32CubeIDE/plugins/com.st.stm32cube.ide.mcu.externaltools.gnu-tools-for-stm32.14.3.rel1.win32_1.0.100.202602081740/tools/bin/../lib/gcc/arm-none-eabi/14.3.1/../../../../arm-none-eabi/lib/thumb/v7e-m+fp/hard\libc_nano.a(libc_a-memset.o)
                0x080028fe                memset
 *fill*         0x0800290e        0x2 
 .text.__libc_init_array
                0x08002910       0x48 C:/ST/STM32CubeIDE_2.2.0/STM32CubeIDE/plugins/com.st.stm32cube.ide.mcu.externaltools.gnu-tools-for-stm32.14.3.rel1.win32_1.0.100.202602081740/tools/bin/../lib/gcc/arm-none-eabi/14.3.1/../../../../arm-none-eabi/lib/thumb/v7e-m+fp/hard\libc_nano.a(libc_a-init.o)
                0x08002910                __libc_init_array
 *(.glue_7)
 .glue_7        0x08002958        0x0 linker stubs
 *(.glue_7t)
 .glue_7t       0x08002958        0x0 linker stubs
 *(.eh_frame)
 .eh_frame      0x08002958        0x0 C:/ST/STM32CubeIDE_2.2.0/STM32CubeIDE/plugins/com.st.stm32cube.ide.mcu.externaltools.gnu-tools-for-stm32.14.3.rel1.win32_1.0.100.202602081740/tools/bin/../lib/gcc/arm-none-eabi/14.3.1/thumb/v7e-m+fp/hard/crtbegin.o
 *(.init)
 .init          0x08002958        0x4 C:/ST/STM32CubeIDE_2.2.0/STM32CubeIDE/plugins/com.st.stm32cube.ide.mcu.externaltools.gnu-tools-for-stm32.14.3.rel1.win32_1.0.100.202602081740/tools/bin/../lib/gcc/arm-none-eabi/14.3.1/thumb/v7e-m+fp/hard/crti.o
                0x08002958                _init
 .init          0x0800295c        0x8 C:/ST/STM32CubeIDE_2.2.0/STM32CubeIDE/plugins/com.st.stm32cube.ide.mcu.externaltools.gnu-tools-for-stm32.14.3.rel1.win32_1.0.100.202602081740/tools/bin/../lib/gcc/arm-none-eabi/14.3.1/thumb/v7e-m+fp/hard/crtn.o
 *(.fini)
 .fini          0x08002964        0x4 C:/ST/STM32CubeIDE_2.2.0/STM32CubeIDE/plugins/com.st.stm32cube.ide.mcu.externaltools.gnu-tools-for-stm32.14.3.rel1.win32_1.0.100.202602081740/tools/bin/../lib/gcc/arm-none-eabi/14.3.1/thumb/v7e-m+fp/hard/crti.o
                0x08002964                _fini
 .fini          0x08002968        0x8 C:/ST/STM32CubeIDE_2.2.0/STM32CubeIDE/plugins/com.st.stm32cube.ide.mcu.externaltools.gnu-tools-for-stm32.14.3.rel1.win32_1.0.100.202602081740/tools/bin/../lib/gcc/arm-none-eabi/14.3.1/thumb/v7e-m+fp/hard/crtn.o
                0x08002970                        . = ALIGN (0x4)
                0x08002970                        _etext = .

.vfp11_veneer   0x08002970        0x0
 .vfp11_veneer  0x08002970        0x0 linker stubs

.v4_bx          0x08002970        0x0
 .v4_bx         0x08002970        0x0 linker stubs

.iplt           0x08002970        0x0
 .iplt          0x08002970        0x0 C:/ST/STM32CubeIDE_2.2.0/STM32CubeIDE/plugins/com.st.stm32cube.ide.mcu.externaltools.gnu-tools-for-stm32.14.3.rel1.win32_1.0.100.202602081740/tools/bin/../lib/gcc/arm-none-eabi/14.3.1/thumb/v7e-m+fp/hard/crtbegin.o

.rodata         0x08002970       0x34
                0x08002970                        . = ALIGN (0x4)
 *(.rodata)
 *(.rodata*)
 .rodata.AHBPrescTable
                0x08002970       0x10 ./Core/Src/system_stm32g4xx.o
                0x08002970                AHBPrescTable
 .rodata.APBPrescTable
                0x08002980        0x8 ./Core/Src/system_stm32g4xx.o
                0x08002980                APBPrescTable
 .rodata.BUTTON_EXTI_LINE.2
                0x08002988        0x4 ./Drivers/BSP/STM32G4xx_Nucleo/stm32g4xx_nucleo.o
 .rodata.UARTPrescTable
                0x0800298c       0x18 ./Drivers/STM32G4xx_HAL_Driver/Src/stm32g4xx_hal_uart.o
                0x0800298c                UARTPrescTable
                0x080029a4                        . = ALIGN (0x4)

.ARM.extab      0x080029a4        0x0
                0x080029a4                        . = ALIGN (0x4)
 *(.ARM.extab* .gnu.linkonce.armextab.*)
                0x080029a4                        . = ALIGN (0x4)

.ARM            0x080029a4        0x8
                0x080029a4                        . = ALIGN (0x4)
                0x080029a4                        __exidx_start = .
 *(.ARM.exidx*)
 .ARM.exidx     0x080029a4        0x8 C:/ST/STM32CubeIDE_2.2.0/STM32CubeIDE/plugins/com.st.stm32cube.ide.mcu.externaltools.gnu-tools-for-stm32.14.3.rel1.win32_1.0.100.202602081740/tools/bin/../lib/gcc/arm-none-eabi/14.3.1/thumb/v7e-m+fp/hard\libgcc.a(_udivmoddi4.o)
                0x080029ac                        __exidx_end = .
                0x080029ac                        . = ALIGN (0x4)

.preinit_array  0x080029ac        0x0
                0x080029ac                        . = ALIGN (0x4)
                0x080029ac                        PROVIDE (__preinit_array_start = .)
 *(.preinit_array*)
                0x080029ac                        PROVIDE (__preinit_array_end = .)
                0x080029ac                        . = ALIGN (0x4)

.init_array     0x080029ac        0x4
                0x080029ac                        . = ALIGN (0x4)
                0x080029ac                        PROVIDE (__init_array_start = .)
 *(SORT_BY_NAME(.init_array.*))
 *(.init_array*)
 .init_array    0x080029ac        0x4 C:/ST/STM32CubeIDE_2.2.0/STM32CubeIDE/plugins/com.st.stm32cube.ide.mcu.externaltools.gnu-tools-for-stm32.14.3.rel1.win32_1.0.100.202602081740/tools/bin/../lib/gcc/arm-none-eabi/14.3.1/thumb/v7e-m+fp/hard/crtbegin.o
                0x080029b0                        PROVIDE (__init_array_end = .)
                0x080029b0                        . = ALIGN (0x4)

.fini_array     0x080029b0        0x4
                0x080029b0                        . = ALIGN (0x4)
                [!provide]                        PROVIDE (__fini_array_start = .)
 *(SORT_BY_NAME(.fini_array.*))
 *(.fini_array*)
 .fini_array    0x080029b0        0x4 C:/ST/STM32CubeIDE_2.2.0/STM32CubeIDE/plugins/com.st.stm32cube.ide.mcu.externaltools.gnu-tools-for-stm32.14.3.rel1.win32_1.0.100.202602081740/tools/bin/../lib/gcc/arm-none-eabi/14.3.1/thumb/v7e-m+fp/hard/crtbegin.o
                [!provide]                        PROVIDE (__fini_array_end = .)
                0x080029b4                        . = ALIGN (0x4)
                0x080029b4                        _sidata = LOADADDR (.data)

.rel.dyn        0x080029b4        0x0
 .rel.iplt      0x080029b4        0x0 C:/ST/STM32CubeIDE_2.2.0/STM32CubeIDE/plugins/com.st.stm32cube.ide.mcu.externaltools.gnu-tools-for-stm32.14.3.rel1.win32_1.0.100.202602081740/tools/bin/../lib/gcc/arm-none-eabi/14.3.1/thumb/v7e-m+fp/hard/crtbegin.o

.data           0x20000000       0x20 load address 0x080029b4
                0x20000000                        . = ALIGN (0x4)
                0x20000000                        _sdata = .
 *(.data)
 *(.data*)
 .data.SystemCoreClock
                0x20000000        0x4 ./Core/Src/system_stm32g4xx.o
                0x20000000                SystemCoreClock
 .data.LED_PORT
                0x20000004        0x4 ./Drivers/BSP/STM32G4xx_Nucleo/stm32g4xx_nucleo.o
 .data.BUTTON_PORT
                0x20000008        0x4 ./Drivers/BSP/STM32G4xx_Nucleo/stm32g4xx_nucleo.o
 .data.COM_USART
                0x2000000c        0x4 ./Drivers/BSP/STM32G4xx_Nucleo/stm32g4xx_nucleo.o
 .data.ButtonCallback.1
                0x20000010        0x4 ./Drivers/BSP/STM32G4xx_Nucleo/stm32g4xx_nucleo.o
 .data.BSP_BUTTON_PRIO.0
                0x20000014        0x4 ./Drivers/BSP/STM32G4xx_Nucleo/stm32g4xx_nucleo.o
 .data.uwTickPrio
                0x20000018        0x4 ./Drivers/STM32G4xx_HAL_Driver/Src/stm32g4xx_hal.o
                0x20000018                uwTickPrio
 .data.uwTickFreq
                0x2000001c        0x4 ./Drivers/STM32G4xx_HAL_Driver/Src/stm32g4xx_hal.o
                0x2000001c                uwTickFreq
 *(.RamFunc)
 *(.RamFunc*)
                0x20000020                        . = ALIGN (0x4)
                0x20000020                        _edata = .

.igot.plt       0x20000020        0x0 load address 0x080029d4
 .igot.plt      0x20000020        0x0 C:/ST/STM32CubeIDE_2.2.0/STM32CubeIDE/plugins/com.st.stm32cube.ide.mcu.externaltools.gnu-tools-for-stm32.14.3.rel1.win32_1.0.100.202602081740/tools/bin/../lib/gcc/arm-none-eabi/14.3.1/thumb/v7e-m+fp/hard/crtbegin.o
                0x20000020                        . = ALIGN (0x4)

.bss            0x20000020       0xcc load address 0x080029d4
                0x20000020                        _sbss = .
                0x20000020                        __bss_start__ = _sbss
 *(.bss)
 .bss           0x20000020       0x1c C:/ST/STM32CubeIDE_2.2.0/STM32CubeIDE/plugins/com.st.stm32cube.ide.mcu.externaltools.gnu-tools-for-stm32.14.3.rel1.win32_1.0.100.202602081740/tools/bin/../lib/gcc/arm-none-eabi/14.3.1/thumb/v7e-m+fp/hard/crtbegin.o
 *(.bss*)
 .bss.BspCOMInit
                0x2000003c       0x10 ./Core/Src/main.o
                0x2000003c                BspCOMInit
 .bss.hpb_exti  0x2000004c        0x8 ./Drivers/BSP/STM32G4xx_Nucleo/stm32g4xx_nucleo.o
                0x2000004c                hpb_exti
 .bss.hcom_uart
                0x20000054       0x94 ./Drivers/BSP/STM32G4xx_Nucleo/stm32g4xx_nucleo.o
                0x20000054                hcom_uart
 .bss.uwTick    0x200000e8        0x4 ./Drivers/STM32G4xx_HAL_Driver/Src/stm32g4xx_hal.o
                0x200000e8                uwTick
 *(COMMON)
                0x200000ec                        . = ALIGN (0x4)
                0x200000ec                        _ebss = .
                0x200000ec                        __bss_end__ = _ebss

._user_heap_stack
                0x200000ec      0x604 load address 0x080029d4
                0x200000f0                        . = ALIGN (0x8)
 *fill*         0x200000ec        0x4 
                [!provide]                        PROVIDE (end = .)
                0x200000f0                        PROVIDE (_end = .)
                0x200002f0                        . = (. + _Min_Heap_Size)
 *fill*         0x200000f0      0x200 
                0x200006f0                        . = (. + _Min_Stack_Size)
 *fill*         0x200002f0      0x400 
                0x200006f0                        . = ALIGN (0x8)

/DISCARD/
 libc.a(*)
 libm.a(*)
 libgcc.a(*)

.ARM.attributes
                0x00000000       0x30
 *(.ARM.attributes)
 .ARM.attributes
                0x00000000       0x22 C:/ST/STM32CubeIDE_2.2.0/STM32CubeIDE/plugins/com.st.stm32cube.ide.mcu.externaltools.gnu-tools-for-stm32.14.3.rel1.win32_1.0.100.202602081740/tools/bin/../lib/gcc/arm-none-eabi/14.3.1/thumb/v7e-m+fp/hard/crti.o
 .ARM.attributes
                0x00000022       0x34 C:/ST/STM32CubeIDE_2.2.0/STM32CubeIDE/plugins/com.st.stm32cube.ide.mcu.externaltools.gnu-tools-for-stm32.14.3.rel1.win32_1.0.100.202602081740/tools/bin/../lib/gcc/arm-none-eabi/14.3.1/thumb/v7e-m+fp/hard/crtbegin.o
 .ARM.attributes
                0x00000056       0x34 ./Core/Src/main.o
 .ARM.attributes
                0x0000008a       0x34 ./Core/Src/stm32g4xx_hal_msp.o
 .ARM.attributes
                0x000000be       0x34 ./Core/Src/stm32g4xx_it.o
 .ARM.attributes
                0x000000f2       0x34 ./Core/Src/system_stm32g4xx.o
 .ARM.attributes
                0x00000126       0x21 ./Core/Startup/startup_stm32g491retx.o
 .ARM.attributes
                0x00000147       0x34 ./Drivers/BSP/STM32G4xx_Nucleo/stm32g4xx_nucleo.o
 .ARM.attributes
                0x0000017b       0x34 ./Drivers/STM32G4xx_HAL_Driver/Src/stm32g4xx_hal.o
 .ARM.attributes
                0x000001af       0x34 ./Drivers/STM32G4xx_HAL_Driver/Src/stm32g4xx_hal_cortex.o
 .ARM.attributes
                0x000001e3       0x34 ./Drivers/STM32G4xx_HAL_Driver/Src/stm32g4xx_hal_exti.o
 .ARM.attributes
                0x00000217       0x34 ./Drivers/STM32G4xx_HAL_Driver/Src/stm32g4xx_hal_gpio.o
 .ARM.attributes
                0x0000024b       0x34 ./Drivers/STM32G4xx_HAL_Driver/Src/stm32g4xx_hal_pwr_ex.o
 .ARM.attributes
                0x0000027f       0x34 ./Drivers/STM32G4xx_HAL_Driver/Src/stm32g4xx_hal_rcc.o
 .ARM.attributes
                0x000002b3       0x34 ./Drivers/STM32G4xx_HAL_Driver/Src/stm32g4xx_hal_uart.o
 .ARM.attributes
                0x000002e7       0x34 C:/ST/STM32CubeIDE_2.2.0/STM32CubeIDE/plugins/com.st.stm32cube.ide.mcu.externaltools.gnu-tools-for-stm32.14.3.rel1.win32_1.0.100.202602081740/tools/bin/../lib/gcc/arm-none-eabi/14.3.1/../../../../arm-none-eabi/lib/thumb/v7e-m+fp/hard\libc_nano.a(libc_a-memset.o)
 .ARM.attributes
                0x0000031b       0x34 C:/ST/STM32CubeIDE_2.2.0/STM32CubeIDE/plugins/com.st.stm32cube.ide.mcu.externaltools.gnu-tools-for-stm32.14.3.rel1.win32_1.0.100.202602081740/tools/bin/../lib/gcc/arm-none-eabi/14.3.1/../../../../arm-none-eabi/lib/thumb/v7e-m+fp/hard\libc_nano.a(libc_a-init.o)
 .ARM.attributes
                0x0000034f       0x22 C:/ST/STM32CubeIDE_2.2.0/STM32CubeIDE/plugins/com.st.stm32cube.ide.mcu.externaltools.gnu-tools-for-stm32.14.3.rel1.win32_1.0.100.202602081740/tools/bin/../lib/gcc/arm-none-eabi/14.3.1/thumb/v7e-m+fp/hard\libgcc.a(_aeabi_uldivmod.o)
 .ARM.attributes
                0x00000371       0x34 C:/ST/STM32CubeIDE_2.2.0/STM32CubeIDE/plugins/com.st.stm32cube.ide.mcu.externaltools.gnu-tools-for-stm32.14.3.rel1.win32_1.0.100.202602081740/tools/bin/../lib/gcc/arm-none-eabi/14.3.1/thumb/v7e-m+fp/hard\libgcc.a(_udivmoddi4.o)
 .ARM.attributes
                0x000003a5       0x22 C:/ST/STM32CubeIDE_2.2.0/STM32CubeIDE/plugins/com.st.stm32cube.ide.mcu.externaltools.gnu-tools-for-stm32.14.3.rel1.win32_1.0.100.202602081740/tools/bin/../lib/gcc/arm-none-eabi/14.3.1/thumb/v7e-m+fp/hard\libgcc.a(_dvmd_tls.o)
 .ARM.attributes
                0x000003c7       0x22 C:/ST/STM32CubeIDE_2.2.0/STM32CubeIDE/plugins/com.st.stm32cube.ide.mcu.externaltools.gnu-tools-for-stm32.14.3.rel1.win32_1.0.100.202602081740/tools/bin/../lib/gcc/arm-none-eabi/14.3.1/thumb/v7e-m+fp/hard/crtn.o
OUTPUT(dht11_test.elf elf32-littlearm)
LOAD linker stubs
LOAD C:/ST/STM32CubeIDE_2.2.0/STM32CubeIDE/plugins/com.st.stm32cube.ide.mcu.externaltools.gnu-tools-for-stm32.14.3.rel1.win32_1.0.100.202602081740/tools/bin/../lib/gcc/arm-none-eabi/14.3.1/../../../../arm-none-eabi/lib/thumb/v7e-m+fp/hard\libc.a
LOAD C:/ST/STM32CubeIDE_2.2.0/STM32CubeIDE/plugins/com.st.stm32cube.ide.mcu.externaltools.gnu-tools-for-stm32.14.3.rel1.win32_1.0.100.202602081740/tools/bin/../lib/gcc/arm-none-eabi/14.3.1/../../../../arm-none-eabi/lib/thumb/v7e-m+fp/hard\libm.a
LOAD C:/ST/STM32CubeIDE_2.2.0/STM32CubeIDE/plugins/com.st.stm32cube.ide.mcu.externaltools.gnu-tools-for-stm32.14.3.rel1.win32_1.0.100.202602081740/tools/bin/../lib/gcc/arm-none-eabi/14.3.1/thumb/v7e-m+fp/hard\libgcc.a

.debug_info     0x00000000     0xb65d
 .debug_info    0x00000000      0x9e4 ./Core/Src/main.o
 .debug_info    0x000009e4      0xaa9 ./Core/Src/stm32g4xx_hal_msp.o
 .debug_info    0x0000148d      0x162 ./Core/Src/stm32g4xx_it.o
 .debug_info    0x000015ef      0x58e ./Core/Src/system_stm32g4xx.o
 .debug_info    0x00001b7d       0x30 ./Core/Startup/startup_stm32g491retx.o
 .debug_info    0x00001bad     0x16f6 ./Drivers/BSP/STM32G4xx_Nucleo/stm32g4xx_nucleo.o
 .debug_info    0x000032a3      0xb29 ./Drivers/STM32G4xx_HAL_Driver/Src/stm32g4xx_hal.o
 .debug_info    0x00003dcc      0xd8d ./Drivers/STM32G4xx_HAL_Driver/Src/stm32g4xx_hal_cortex.o
 .debug_info    0x00004b59      0x65f ./Drivers/STM32G4xx_HAL_Driver/Src/stm32g4xx_hal_exti.o
 .debug_info    0x000051b8      0x772 ./Drivers/STM32G4xx_HAL_Driver/Src/stm32g4xx_hal_gpio.o
 .debug_info    0x0000592a      0x944 ./Drivers/STM32G4xx_HAL_Driver/Src/stm32g4xx_hal_pwr_ex.o
 .debug_info    0x0000626e      0xb9b ./Drivers/STM32G4xx_HAL_Driver/Src/stm32g4xx_hal_rcc.o
 .debug_info    0x00006e09     0x4854 ./Drivers/STM32G4xx_HAL_Driver/Src/stm32g4xx_hal_uart.o

.debug_abbrev   0x00000000     0x1a34
 .debug_abbrev  0x00000000      0x264 ./Core/Src/main.o
 .debug_abbrev  0x00000264      0x1d2 ./Core/Src/stm32g4xx_hal_msp.o
 .debug_abbrev  0x00000436       0xbc ./Core/Src/stm32g4xx_it.o
 .debug_abbrev  0x000004f2      0x11a ./Core/Src/system_stm32g4xx.o
 .debug_abbrev  0x0000060c       0x24 ./Core/Startup/startup_stm32g491retx.o
 .debug_abbrev  0x00000630      0x2fb ./Drivers/BSP/STM32G4xx_Nucleo/stm32g4xx_nucleo.o
 .debug_abbrev  0x0000092b      0x271 ./Drivers/STM32G4xx_HAL_Driver/Src/stm32g4xx_hal.o
 .debug_abbrev  0x00000b9c      0x31c ./Drivers/STM32G4xx_HAL_Driver/Src/stm32g4xx_hal_cortex.o
 .debug_abbrev  0x00000eb8      0x1b1 ./Drivers/STM32G4xx_HAL_Driver/Src/stm32g4xx_hal_exti.o
 .debug_abbrev  0x00001069      0x1d2 ./Drivers/STM32G4xx_HAL_Driver/Src/stm32g4xx_hal_gpio.o
 .debug_abbrev  0x0000123b      0x22c ./Drivers/STM32G4xx_HAL_Driver/Src/stm32g4xx_hal_pwr_ex.o
 .debug_abbrev  0x00001467      0x2c9 ./Drivers/STM32G4xx_HAL_Driver/Src/stm32g4xx_hal_rcc.o
 .debug_abbrev  0x00001730      0x304 ./Drivers/STM32G4xx_HAL_Driver/Src/stm32g4xx_hal_uart.o

.debug_aranges  0x00000000      0x958
 .debug_aranges
                0x00000000       0x60 ./Core/Src/main.o
 .debug_aranges
                0x00000060       0x30 ./Core/Src/stm32g4xx_hal_msp.o
 .debug_aranges
                0x00000090       0x68 ./Core/Src/stm32g4xx_it.o
 .debug_aranges
                0x000000f8       0x28 ./Core/Src/system_stm32g4xx.o
 .debug_aranges
                0x00000120       0x28 ./Core/Startup/startup_stm32g491retx.o
 .debug_aranges
                0x00000148       0xc8 ./Drivers/BSP/STM32G4xx_Nucleo/stm32g4xx_nucleo.o
 .debug_aranges
                0x00000210      0x148 ./Drivers/STM32G4xx_HAL_Driver/Src/stm32g4xx_hal.o
 .debug_aranges
                0x00000358      0x128 ./Drivers/STM32G4xx_HAL_Driver/Src/stm32g4xx_hal_cortex.o
 .debug_aranges
                0x00000480       0x60 ./Drivers/STM32G4xx_HAL_Driver/Src/stm32g4xx_hal_exti.o
 .debug_aranges
                0x000004e0       0x58 ./Drivers/STM32G4xx_HAL_Driver/Src/stm32g4xx_hal_gpio.o
 .debug_aranges
                0x00000538      0x140 ./Drivers/STM32G4xx_HAL_Driver/Src/stm32g4xx_hal_pwr_ex.o
 .debug_aranges
                0x00000678       0x98 ./Drivers/STM32G4xx_HAL_Driver/Src/stm32g4xx_hal_rcc.o
 .debug_aranges
                0x00000710      0x248 ./Drivers/STM32G4xx_HAL_Driver/Src/stm32g4xx_hal_uart.o

.debug_rnglists
                0x00000000      0x71f
 .debug_rnglists
                0x00000000       0x45 ./Core/Src/main.o
 .debug_rnglists
                0x00000045       0x1f ./Core/Src/stm32g4xx_hal_msp.o
 .debug_rnglists
                0x00000064       0x49 ./Core/Src/stm32g4xx_it.o
 .debug_rnglists
                0x000000ad       0x1a ./Core/Src/system_stm32g4xx.o
 .debug_rnglists
                0x000000c7       0x19 ./Core/Startup/startup_stm32g491retx.o
 .debug_rnglists
                0x000000e0       0x93 ./Drivers/BSP/STM32G4xx_Nucleo/stm32g4xx_nucleo.o
 .debug_rnglists
                0x00000173       0xf1 ./Drivers/STM32G4xx_HAL_Driver/Src/stm32g4xx_hal.o
 .debug_rnglists
                0x00000264       0xda ./Drivers/STM32G4xx_HAL_Driver/Src/stm32g4xx_hal_cortex.o
 .debug_rnglists
                0x0000033e       0x46 ./Drivers/STM32G4xx_HAL_Driver/Src/stm32g4xx_hal_exti.o
 .debug_rnglists
                0x00000384       0x3f ./Drivers/STM32G4xx_HAL_Driver/Src/stm32g4xx_hal_gpio.o
 .debug_rnglists
                0x000003c3       0xf1 ./Drivers/STM32G4xx_HAL_Driver/Src/stm32g4xx_hal_pwr_ex.o
 .debug_rnglists
                0x000004b4       0x74 ./Drivers/STM32G4xx_HAL_Driver/Src/stm32g4xx_hal_rcc.o
 .debug_rnglists
                0x00000528      0x1f7 ./Drivers/STM32G4xx_HAL_Driver/Src/stm32g4xx_hal_uart.o

.debug_macro    0x00000000    0x1ee45
 .debug_macro   0x00000000      0x2d6 ./Core/Src/main.o
 .debug_macro   0x000002d6      0xade ./Core/Src/main.o
 .debug_macro   0x00000db4      0x15b ./Core/Src/main.o
 .debug_macro   0x00000f0f       0x2e ./Core/Src/main.o
 .debug_macro   0x00000f3d       0x28 ./Core/Src/main.o
 .debug_macro   0x00000f65       0x22 ./Core/Src/main.o
 .debug_macro   0x00000f87       0x8e ./Core/Src/main.o
 .debug_macro   0x00001015       0x51 ./Core/Src/main.o
 .debug_macro   0x00001066      0x103 ./Core/Src/main.o
 .debug_macro   0x00001169       0x6a ./Core/Src/main.o
 .debug_macro   0x000011d3      0x1df ./Core/Src/main.o
 .debug_macro   0x000013b2       0x1c ./Core/Src/main.o
 .debug_macro   0x000013ce       0x22 ./Core/Src/main.o
 .debug_macro   0x000013f0       0xfb ./Core/Src/main.o
 .debug_macro   0x000014eb     0x1011 ./Core/Src/main.o
 .debug_macro   0x000024fc      0x11f ./Core/Src/main.o
 .debug_macro   0x0000261b    0x11e7f ./Core/Src/main.o
 .debug_macro   0x0001449a       0x6d ./Core/Src/main.o
 .debug_macro   0x00014507     0x3558 ./Core/Src/main.o
 .debug_macro   0x00017a5f      0x190 ./Core/Src/main.o
 .debug_macro   0x00017bef       0x5c ./Core/Src/main.o
 .debug_macro   0x00017c4b     0x1535 ./Core/Src/main.o
 .debug_macro   0x00019180      0x5cf ./Core/Src/main.o
 .debug_macro   0x0001974f      0x1b6 ./Core/Src/main.o
 .debug_macro   0x00019905      0x2d0 ./Core/Src/main.o
 .debug_macro   0x00019bd5      0x4a2 ./Core/Src/main.o
 .debug_macro   0x0001a077      0x18b ./Core/Src/main.o
 .debug_macro   0x0001a202       0x43 ./Core/Src/main.o
 .debug_macro   0x0001a245      0x23d ./Core/Src/main.o
 .debug_macro   0x0001a482      0x211 ./Core/Src/main.o
 .debug_macro   0x0001a693      0x416 ./Core/Src/main.o
 .debug_macro   0x0001aaa9      0x10e ./Core/Src/main.o
 .debug_macro   0x0001abb7      0x122 ./Core/Src/main.o
 .debug_macro   0x0001acd9      0x3d1 ./Core/Src/main.o
 .debug_macro   0x0001b0aa      0xbe8 ./Core/Src/main.o
 .debug_macro   0x0001bc92      0x4ee ./Core/Src/main.o
 .debug_macro   0x0001c180      0x693 ./Core/Src/main.o
 .debug_macro   0x0001c813       0xa6 ./Core/Src/main.o
 .debug_macro   0x0001c8b9      0x321 ./Core/Src/main.o
 .debug_macro   0x0001cbda       0x52 ./Core/Src/main.o
 .debug_macro   0x0001cc2c       0x22 ./Core/Src/main.o
 .debug_macro   0x0001cc4e      0x100 ./Core/Src/main.o
 .debug_macro   0x0001cd4e       0x61 ./Core/Src/main.o
 .debug_macro   0x0001cdaf       0x2a ./Core/Src/main.o
 .debug_macro   0x0001cdd9       0x43 ./Core/Src/main.o
 .debug_macro   0x0001ce1c       0x34 ./Core/Src/main.o
 .debug_macro   0x0001ce50       0x16 ./Core/Src/main.o
 .debug_macro   0x0001ce66       0x3c ./Core/Src/main.o
 .debug_macro   0x0001cea2      0x364 ./Core/Src/main.o
 .debug_macro   0x0001d206       0x10 ./Core/Src/main.o
 .debug_macro   0x0001d216       0x16 ./Core/Src/main.o
 .debug_macro   0x0001d22c       0x4a ./Core/Src/main.o
 .debug_macro   0x0001d276       0x34 ./Core/Src/main.o
 .debug_macro   0x0001d2aa       0x10 ./Core/Src/main.o
 .debug_macro   0x0001d2ba       0x58 ./Core/Src/main.o
 .debug_macro   0x0001d312       0x8e ./Core/Src/main.o
 .debug_macro   0x0001d3a0       0x1c ./Core/Src/main.o
 .debug_macro   0x0001d3bc      0x17e ./Core/Src/main.o
 .debug_macro   0x0001d53a       0x16 ./Core/Src/main.o
 .debug_macro   0x0001d550       0x16 ./Core/Src/main.o
 .debug_macro   0x0001d566      0x146 ./Core/Src/main.o
 .debug_macro   0x0001d6ac       0x64 ./Core/Src/main.o
 .debug_macro   0x0001d710      0x2d6 ./Core/Src/stm32g4xx_hal_msp.o
 .debug_macro   0x0001d9e6      0x2e0 ./Core/Src/stm32g4xx_it.o
 .debug_macro   0x0001dcc6      0x1ce ./Core/Src/system_stm32g4xx.o
 .debug_macro   0x0001de94      0x1fb ./Drivers/BSP/STM32G4xx_Nucleo/stm32g4xx_nucleo.o
 .debug_macro   0x0001e08f       0x1c ./Drivers/BSP/STM32G4xx_Nucleo/stm32g4xx_nucleo.o
 .debug_macro   0x0001e0ab      0x21c ./Drivers/STM32G4xx_HAL_Driver/Src/stm32g4xx_hal.o
 .debug_macro   0x0001e2c7      0x1ce ./Drivers/STM32G4xx_HAL_Driver/Src/stm32g4xx_hal_cortex.o
 .debug_macro   0x0001e495      0x1da ./Drivers/STM32G4xx_HAL_Driver/Src/stm32g4xx_hal_exti.o
 .debug_macro   0x0001e66f      0x1d5 ./Drivers/STM32G4xx_HAL_Driver/Src/stm32g4xx_hal_gpio.o
 .debug_macro   0x0001e844      0x1f8 ./Drivers/STM32G4xx_HAL_Driver/Src/stm32g4xx_hal_pwr_ex.o
 .debug_macro   0x0001ea3c      0x210 ./Drivers/STM32G4xx_HAL_Driver/Src/stm32g4xx_hal_rcc.o
 .debug_macro   0x0001ec4c      0x1f9 ./Drivers/STM32G4xx_HAL_Driver/Src/stm32g4xx_hal_uart.o

.debug_line     0x00000000     0xb380
 .debug_line    0x00000000      0xac1 ./Core/Src/main.o
 .debug_line    0x00000ac1      0x95d ./Core/Src/stm32g4xx_hal_msp.o
 .debug_line    0x0000141e      0x9eb ./Core/Src/stm32g4xx_it.o
 .debug_line    0x00001e09      0x7d2 ./Core/Src/system_stm32g4xx.o
 .debug_line    0x000025db       0x7b ./Core/Startup/startup_stm32g491retx.o
 .debug_line    0x00002656      0xb00 ./Drivers/BSP/STM32G4xx_Nucleo/stm32g4xx_nucleo.o
 .debug_line    0x00003156      0xba1 ./Drivers/STM32G4xx_HAL_Driver/Src/stm32g4xx_hal.o
 .debug_line    0x00003cf7      0xd03 ./Drivers/STM32G4xx_HAL_Driver/Src/stm32g4xx_hal_cortex.o
 .debug_line    0x000049fa      0xade ./Drivers/STM32G4xx_HAL_Driver/Src/stm32g4xx_hal_exti.o
 .debug_line    0x000054d8      0xb8a ./Drivers/STM32G4xx_HAL_Driver/Src/stm32g4xx_hal_gpio.o
 .debug_line    0x00006062      0xcfd ./Drivers/STM32G4xx_HAL_Driver/Src/stm32g4xx_hal_pwr_ex.o
 .debug_line    0x00006d5f     0x1021 ./Drivers/STM32G4xx_HAL_Driver/Src/stm32g4xx_hal_rcc.o
 .debug_line    0x00007d80     0x3600 ./Drivers/STM32G4xx_HAL_Driver/Src/stm32g4xx_hal_uart.o

.debug_str      0x00000000    0xcbe24
 .debug_str     0x00000000    0xcbe24 ./Core/Src/main.o
                              0xc8f55 (size before relaxing)
 .debug_str     0x000cbe24    0xc9075 ./Core/Src/stm32g4xx_hal_msp.o
 .debug_str     0x000cbe24    0xc8994 ./Core/Src/stm32g4xx_it.o
 .debug_str     0x000cbe24    0xc4a47 ./Core/Src/system_stm32g4xx.o
 .debug_str     0x000cbe24       0x7c ./Core/Startup/startup_stm32g491retx.o
 .debug_str     0x000cbe24    0xc6222 ./Drivers/BSP/STM32G4xx_Nucleo/stm32g4xx_nucleo.o
 .debug_str     0x000cbe24    0xc5652 ./Drivers/STM32G4xx_HAL_Driver/Src/stm32g4xx_hal.o
 .debug_str     0x000cbe24    0xc530e ./Drivers/STM32G4xx_HAL_Driver/Src/stm32g4xx_hal_cortex.o
 .debug_str     0x000cbe24    0xc4ae1 ./Drivers/STM32G4xx_HAL_Driver/Src/stm32g4xx_hal_exti.o
 .debug_str     0x000cbe24    0xc4bd2 ./Drivers/STM32G4xx_HAL_Driver/Src/stm32g4xx_hal_gpio.o
 .debug_str     0x000cbe24    0xc4f35 ./Drivers/STM32G4xx_HAL_Driver/Src/stm32g4xx_hal_pwr_ex.o
 .debug_str     0x000cbe24    0xc5140 ./Drivers/STM32G4xx_HAL_Driver/Src/stm32g4xx_hal_rcc.o
 .debug_str     0x000cbe24    0xc5a02 ./Drivers/STM32G4xx_HAL_Driver/Src/stm32g4xx_hal_uart.o

.comment        0x00000000       0x43
 .comment       0x00000000       0x43 ./Core/Src/main.o
                                 0x44 (size before relaxing)
 .comment       0x00000043       0x44 ./Core/Src/stm32g4xx_hal_msp.o
 .comment       0x00000043       0x44 ./Core/Src/stm32g4xx_it.o
 .comment       0x00000043       0x44 ./Core/Src/system_stm32g4xx.o
 .comment       0x00000043       0x44 ./Drivers/BSP/STM32G4xx_Nucleo/stm32g4xx_nucleo.o
 .comment       0x00000043       0x44 ./Drivers/STM32G4xx_HAL_Driver/Src/stm32g4xx_hal.o
 .comment       0x00000043       0x44 ./Drivers/STM32G4xx_HAL_Driver/Src/stm32g4xx_hal_cortex.o
 .comment       0x00000043       0x44 ./Drivers/STM32G4xx_HAL_Driver/Src/stm32g4xx_hal_exti.o
 .comment       0x00000043       0x44 ./Drivers/STM32G4xx_HAL_Driver/Src/stm32g4xx_hal_gpio.o
 .comment       0x00000043       0x44 ./Drivers/STM32G4xx_HAL_Driver/Src/stm32g4xx_hal_pwr_ex.o
 .comment       0x00000043       0x44 ./Drivers/STM32G4xx_HAL_Driver/Src/stm32g4xx_hal_rcc.o
 .comment       0x00000043       0x44 ./Drivers/STM32G4xx_HAL_Driver/Src/stm32g4xx_hal_uart.o

.debug_frame    0x00000000     0x2300
 .debug_frame   0x00000000      0x130 ./Core/Src/main.o
 .debug_frame   0x00000130       0x7c ./Core/Src/stm32g4xx_hal_msp.o
 .debug_frame   0x000001ac      0x114 ./Core/Src/stm32g4xx_it.o
 .debug_frame   0x000002c0       0x50 ./Core/Src/system_stm32g4xx.o
 .debug_frame   0x00000310      0x308 ./Drivers/BSP/STM32G4xx_Nucleo/stm32g4xx_nucleo.o
 .debug_frame   0x00000618      0x480 ./Drivers/STM32G4xx_HAL_Driver/Src/stm32g4xx_hal.o
 .debug_frame   0x00000a98      0x49c ./Drivers/STM32G4xx_HAL_Driver/Src/stm32g4xx_hal_cortex.o
 .debug_frame   0x00000f34      0x154 ./Drivers/STM32G4xx_HAL_Driver/Src/stm32g4xx_hal_exti.o
 .debug_frame   0x00001088      0x130 ./Drivers/STM32G4xx_HAL_Driver/Src/stm32g4xx_hal_gpio.o
 .debug_frame   0x000011b8      0x46c ./Drivers/STM32G4xx_HAL_Driver/Src/stm32g4xx_hal_pwr_ex.o
 .debug_frame   0x00001624      0x218 ./Drivers/STM32G4xx_HAL_Driver/Src/stm32g4xx_hal_rcc.o
 .debug_frame   0x0000183c      0xa18 ./Drivers/STM32G4xx_HAL_Driver/Src/stm32g4xx_hal_uart.o
 .debug_frame   0x00002254       0x20 C:/ST/STM32CubeIDE_2.2.0/STM32CubeIDE/plugins/com.st.stm32cube.ide.mcu.externaltools.gnu-tools-for-stm32.14.3.rel1.win32_1.0.100.202602081740/tools/bin/../lib/gcc/arm-none-eabi/14.3.1/../../../../arm-none-eabi/lib/thumb/v7e-m+fp/hard\libc_nano.a(libc_a-memset.o)
 .debug_frame   0x00002274       0x2c C:/ST/STM32CubeIDE_2.2.0/STM32CubeIDE/plugins/com.st.stm32cube.ide.mcu.externaltools.gnu-tools-for-stm32.14.3.rel1.win32_1.0.100.202602081740/tools/bin/../lib/gcc/arm-none-eabi/14.3.1/../../../../arm-none-eabi/lib/thumb/v7e-m+fp/hard\libc_nano.a(libc_a-init.o)
 .debug_frame   0x000022a0       0x2c C:/ST/STM32CubeIDE_2.2.0/STM32CubeIDE/plugins/com.st.stm32cube.ide.mcu.externaltools.gnu-tools-for-stm32.14.3.rel1.win32_1.0.100.202602081740/tools/bin/../lib/gcc/arm-none-eabi/14.3.1/thumb/v7e-m+fp/hard\libgcc.a(_aeabi_uldivmod.o)
 .debug_frame   0x000022cc       0x34 C:/ST/STM32CubeIDE_2.2.0/STM32CubeIDE/plugins/com.st.stm32cube.ide.mcu.externaltools.gnu-tools-for-stm32.14.3.rel1.win32_1.0.100.202602081740/tools/bin/../lib/gcc/arm-none-eabi/14.3.1/thumb/v7e-m+fp/hard\libgcc.a(_udivmoddi4.o)

.debug_line_str
                0x00000000       0x60
 .debug_line_str
                0x00000000       0x60 ./Core/Startup/startup_stm32g491retx.o
